// Jest Snapshot v1, https://goo.gl/fbAQLP

exports[`Authenitcation screen renders login page correctly <snapshot> 1`] = `
<react-native-mock>
  <react-native-mock>
    Login to instaChat
  </react-native-mock>
  <react-native-mock>
    <react-native-mock>
      <react-native-mock>
        <react-native-mock>
          
        </react-native-mock>
      </react-native-mock>
      <react-native-mock>
        <react-native-mock />
      </react-native-mock>
    </react-native-mock>
    <react-native-mock>
      <react-native-mock>
        <react-native-mock>
          
        </react-native-mock>
      </react-native-mock>
      <react-native-mock>
        <react-native-mock />
      </react-native-mock>
    </react-native-mock>
  </react-native-mock>
  <react-native-mock>
    <react-native-mock>
      <react-native-mock>
        <react-native-mock>
          LOGIN
        </react-native-mock>
      </react-native-mock>
    </react-native-mock>
  </react-native-mock>
  <react-native-mock>
    Don't Have an account?
     
    <react-native-mock>
      Sign up
    </react-native-mock>
  </react-native-mock>
</react-native-mock>
`;
