// Jest Snapshot v1, https://goo.gl/fbAQLP

exports[`Lists tests renders correctly with defaults 1`] = `
<RCTScrollView
  closeOnRowBeginSwipe={false}
  closeOnRowPress={true}
  closeOnScroll={true}
  dataArray={Array []}
  dataSource={
    ListViewDataSource {
      "items": 0,
    }
  }
  directionalDistanceChangeThreshold={2}
  disableLeftSwipe={false}
  disableRightSwipe={false}
  enableEmptySections={true}
  leftOpenValue={0}
  previewFirstRow={false}
  recalculateHiddenLayout={false}
  renderRow={[Function]}
  renderScrollComponent={[Function]}
  rightOpenValue={0}
  style={Object {}}
  swipeToOpenPercent={50}
>
  <View />
</RCTScrollView>
`;
